MO ukladIteracyjny NULL ukladIteracyjny.v vlg4B/uklad_iteracyjny.bin 1641035534
MO schematUkladIteracyjny NULL schematUkladIteracyjny.vf vlg78/schemat_uklad_iteracyjny.bin 1641908795
AR schematukladiteracyjny behavioral C:/dev/ULiC/Verilog/Z1/schematUkladIteracyjny.vhf sub00/vhpl01 1641122679
MO blokIteracyjny NULL blokIteracyjny.v vlg76/blok_iteracyjny.bin 1641908795
EN schematukladiteracyjny NULL C:/dev/ULiC/Verilog/Z1/schematUkladIteracyjny.vhf sub00/vhpl00 1641122678
