AR aktywna_anoda behavioral C:/dev/ULiC_Scripts/Gricjuta_Jozwiak_5AiSR2_wtorek_14/ProjektZaliczeniowy_TrescZadan/ProjektZaliczeniowy/aktywna_anoda.vhd sub00/vhpl04 1634661149
EN schematglowny NULL C:/dev/ULiC_Scripts/Gricjuta_Jozwiak_5AiSR2_wtorek_14/ProjektZaliczeniowy_TrescZadan/ProjektZaliczeniowy/SchematGlowny.vhf sub00/vhpl18 1634661164
AR moj_projekt_mux behavioral C:/dev/ULiC_Scripts/Gricjuta_Jozwiak_5AiSR2_wtorek_14/ProjektZaliczeniowy_TrescZadan/ProjektZaliczeniowy/moj_projekt_MUX.vhd sub00/vhpl21 1634661159
AR dzielnik_100khz_na_400hz behavioral C:/dev/ULiC_Scripts/Gricjuta_Jozwiak_5AiSR2_wtorek_14/ProjektZaliczeniowy_TrescZadan/ProjektZaliczeniowy/dzielnik_100kHz_na_400Hz.vhd sub00/vhpl05 1634661145
AR schematvhdl behavioral C:/dev/ULiC_Scripts/Gricjuta_Jozwiak_5AiSR2_wtorek_14/ProjektZaliczeniowy_TrescZadan/ProjektZaliczeniowy/Uklad_VHDL.vhd sub00/vhpl23 1634660716
AR mult_vec1 behavioral C:/dev/ULiC_Scripts/Gricjuta_Jozwiak_5AiSR2_wtorek_14/ProjektZaliczeniowy_TrescZadan/ProjektZaliczeniowy/mult_vec1.vhd sub00/vhpl10 1634661157
EN moj_projekt_mux NULL C:/dev/ULiC_Scripts/Gricjuta_Jozwiak_5AiSR2_wtorek_14/ProjektZaliczeniowy_TrescZadan/ProjektZaliczeniowy/moj_projekt_MUX.vhd sub00/vhpl20 1634661158
EN transkoder_7s NULL C:/dev/ULiC_Scripts/Gricjuta_Jozwiak_5AiSR2_wtorek_14/ProjektZaliczeniowy_TrescZadan/ProjektZaliczeniowy/transkoder_7s.vhd sub00/vhpl12 1634661160
AR ster_kropka behavioral C:/dev/ULiC_Scripts/Gricjuta_Jozwiak_5AiSR2_wtorek_14/ProjektZaliczeniowy_TrescZadan/ProjektZaliczeniowy/ster_kropka.vhd sub00/vhpl14 1634661163
EN moj_projekt NULL C:/dev/ULiC_Scripts/Gricjuta_Jozwiak_5AiSR2_wtorek_14/ProjektZaliczeniowy_TrescZadan/ProjektZaliczeniowy/moj_projekt.vhd sub00/vhpl08 1634661154
AR schemat_vhdl behavioral C:/dev/ULiC_Scripts/Gricjuta_Jozwiak_5AiSR2_wtorek_14/ProjektZaliczeniowy_TrescZadan/ProjektZaliczeniowy/Schemat_VHDL.vhd sub00/vhpl25 1634661167
EN moj_projekt_diody NULL C:/dev/ULiC_Scripts/Gricjuta_Jozwiak_5AiSR2_wtorek_14/ProjektZaliczeniowy_TrescZadan/ProjektZaliczeniowy/moj_projekt_Diody.vhd sub00/vhpl16 1634661152
AR moj_projekt_diody behavioral C:/dev/ULiC_Scripts/Gricjuta_Jozwiak_5AiSR2_wtorek_14/ProjektZaliczeniowy_TrescZadan/ProjektZaliczeniowy/moj_projekt_Diody.vhd sub00/vhpl17 1634661153
AR schematglowny behavioral C:/dev/ULiC_Scripts/Gricjuta_Jozwiak_5AiSR2_wtorek_14/ProjektZaliczeniowy_TrescZadan/ProjektZaliczeniowy/SchematGlowny.vhf sub00/vhpl19 1634661165
EN dzielnik_400hz_na_10hz NULL C:/dev/ULiC_Scripts/Gricjuta_Jozwiak_5AiSR2_wtorek_14/ProjektZaliczeniowy_TrescZadan/ProjektZaliczeniowy/dzielnik_400Hz_na_10Hz.vhd sub00/vhpl06 1634661150
EN mult_vec1 NULL C:/dev/ULiC_Scripts/Gricjuta_Jozwiak_5AiSR2_wtorek_14/ProjektZaliczeniowy_TrescZadan/ProjektZaliczeniowy/mult_vec1.vhd sub00/vhpl09 1634661156
AR licznik_cyfra behavioral C:/dev/ULiC_Scripts/Gricjuta_Jozwiak_5AiSR2_wtorek_14/ProjektZaliczeniowy_TrescZadan/ProjektZaliczeniowy/licznik_cyfra.vhd sub00/vhpl02 1634661147
EN licznik_cyfra NULL C:/dev/ULiC_Scripts/Gricjuta_Jozwiak_5AiSR2_wtorek_14/ProjektZaliczeniowy_TrescZadan/ProjektZaliczeniowy/licznik_cyfra.vhd sub00/vhpl01 1634661146
AR dzielnik_400hz_na_10hz behavioral C:/dev/ULiC_Scripts/Gricjuta_Jozwiak_5AiSR2_wtorek_14/ProjektZaliczeniowy_TrescZadan/ProjektZaliczeniowy/dzielnik_400Hz_na_10Hz.vhd sub00/vhpl07 1634661151
EN schemat_vhdl NULL C:/dev/ULiC_Scripts/Gricjuta_Jozwiak_5AiSR2_wtorek_14/ProjektZaliczeniowy_TrescZadan/ProjektZaliczeniowy/Schemat_VHDL.vhd sub00/vhpl24 1634661166
EN dzielnik_100khz_na_400hz NULL C:/dev/ULiC_Scripts/Gricjuta_Jozwiak_5AiSR2_wtorek_14/ProjektZaliczeniowy_TrescZadan/ProjektZaliczeniowy/dzielnik_100kHz_na_400Hz.vhd sub00/vhpl00 1634661144
AR moj_projekt behavioral C:/dev/ULiC_Scripts/Gricjuta_Jozwiak_5AiSR2_wtorek_14/ProjektZaliczeniowy_TrescZadan/ProjektZaliczeniowy/moj_projekt.vhd sub00/vhpl15 1634661155
EN ster_kropka NULL C:/dev/ULiC_Scripts/Gricjuta_Jozwiak_5AiSR2_wtorek_14/ProjektZaliczeniowy_TrescZadan/ProjektZaliczeniowy/ster_kropka.vhd sub00/vhpl11 1634661162
EN schematvhdl NULL C:/dev/ULiC_Scripts/Gricjuta_Jozwiak_5AiSR2_wtorek_14/ProjektZaliczeniowy_TrescZadan/ProjektZaliczeniowy/Uklad_VHDL.vhd sub00/vhpl22 1634660715
EN aktywna_anoda NULL C:/dev/ULiC_Scripts/Gricjuta_Jozwiak_5AiSR2_wtorek_14/ProjektZaliczeniowy_TrescZadan/ProjektZaliczeniowy/aktywna_anoda.vhd sub00/vhpl03 1634661148
AR transkoder_7s behavioral C:/dev/ULiC_Scripts/Gricjuta_Jozwiak_5AiSR2_wtorek_14/ProjektZaliczeniowy_TrescZadan/ProjektZaliczeniowy/transkoder_7s.vhd sub00/vhpl13 1634661161
