V3 5
FL C:/dev/ULiC/FILO_RejestrPrzesuwny/RAM.vhd 2021/11/18.21:08:54 P.20131013
FL C:/dev/ULiC_Scripts/FILO_RejestrPrzesuwny/RAM.vhd 2021/11/02.21:57:52 P.20131013
FL C:/students_ulic/Gricjuta_Jozwiak_5AiSR2_wtorek_14/FILO_RejestrPrzesuwny/RAM.vhd 2021/11/23.15:19:10 P.20131013
EN work/RAM 1637677153 \
      FL C:/students_ulic/Gricjuta_Jozwiak_5AiSR2_wtorek_14/FILO_RejestrPrzesuwny/RAM.vhd \
      PB ieee/std_logic_1164 1381692176 PB ieee/std_logic_arith 1381692177 \
      PB ieee/STD_LOGIC_UNSIGNED 1381692179
AR work/RAM/Behavioral 1637677154 \
      FL C:/students_ulic/Gricjuta_Jozwiak_5AiSR2_wtorek_14/FILO_RejestrPrzesuwny/RAM.vhd \
      EN work/RAM 1637677153
