AR aktywna_anoda behavioral C:/dev/ULiC_Scripts/ProjektZaliczeniowy_TrescZadan/ProjektZaliczeniowy/aktywna_anoda.vhd sub00/vhpl04 1634117676
EN schematglowny NULL C:/dev/ULiC_Scripts/ProjektZaliczeniowy_TrescZadan/ProjektZaliczeniowy/SchematGlowny.vhf sub00/vhpl18 1634117691
AR moj_projekt_mux behavioral C:/dev/ULiC_Scripts/ProjektZaliczeniowy_TrescZadan/ProjektZaliczeniowy/moj_projekt_MUX.vhd sub00/vhpl21 1634117690
AR dzielnik_100khz_na_400hz behavioral C:/dev/ULiC_Scripts/ProjektZaliczeniowy_TrescZadan/ProjektZaliczeniowy/dzielnik_100kHz_na_400Hz.vhd sub00/vhpl05 1634117672
AR mult_vec1 behavioral C:/dev/ULiC_Scripts/ProjektZaliczeniowy_TrescZadan/ProjektZaliczeniowy/mult_vec1.vhd sub00/vhpl10 1634117680
EN moj_projekt_mux NULL C:/dev/ULiC_Scripts/ProjektZaliczeniowy_TrescZadan/ProjektZaliczeniowy/moj_projekt_MUX.vhd sub00/vhpl20 1634117689
EN transkoder_7s NULL C:/dev/ULiC_Scripts/ProjektZaliczeniowy_TrescZadan/ProjektZaliczeniowy/transkoder_7s.vhd sub00/vhpl12 1634117687
AR ster_kropka behavioral C:/dev/ULiC_Scripts/ProjektZaliczeniowy_TrescZadan/ProjektZaliczeniowy/ster_kropka.vhd sub00/vhpl14 1634117686
EN moj_projekt NULL C:/dev/ULiC_Scripts/ProjektZaliczeniowy_TrescZadan/ProjektZaliczeniowy/moj_projekt.vhd sub00/vhpl08 1634117677
EN moj_projekt_diody NULL C:/dev/ULiC_Scripts/ProjektZaliczeniowy_TrescZadan/ProjektZaliczeniowy/moj_projekt_Diody.vhd sub00/vhpl16 1634117683
AR moj_projekt_diody behavioral C:/dev/ULiC_Scripts/ProjektZaliczeniowy_TrescZadan/ProjektZaliczeniowy/moj_projekt_Diody.vhd sub00/vhpl17 1634117684
AR schematglowny behavioral C:/dev/ULiC_Scripts/ProjektZaliczeniowy_TrescZadan/ProjektZaliczeniowy/SchematGlowny.vhf sub00/vhpl19 1634117692
EN dzielnik_400hz_na_10hz NULL C:/dev/ULiC_Scripts/ProjektZaliczeniowy_TrescZadan/ProjektZaliczeniowy/dzielnik_400Hz_na_10Hz.vhd sub00/vhpl06 1634117681
EN mult_vec1 NULL C:/dev/ULiC_Scripts/ProjektZaliczeniowy_TrescZadan/ProjektZaliczeniowy/mult_vec1.vhd sub00/vhpl09 1634117679
AR licznik_cyfra behavioral C:/dev/ULiC_Scripts/ProjektZaliczeniowy_TrescZadan/ProjektZaliczeniowy/licznik_cyfra.vhd sub00/vhpl02 1634117674
EN licznik_cyfra NULL C:/dev/ULiC_Scripts/ProjektZaliczeniowy_TrescZadan/ProjektZaliczeniowy/licznik_cyfra.vhd sub00/vhpl01 1634117673
AR dzielnik_400hz_na_10hz behavioral C:/dev/ULiC_Scripts/ProjektZaliczeniowy_TrescZadan/ProjektZaliczeniowy/dzielnik_400Hz_na_10Hz.vhd sub00/vhpl07 1634117682
EN dzielnik_100khz_na_400hz NULL C:/dev/ULiC_Scripts/ProjektZaliczeniowy_TrescZadan/ProjektZaliczeniowy/dzielnik_100kHz_na_400Hz.vhd sub00/vhpl00 1634117671
AR moj_projekt behavioral C:/dev/ULiC_Scripts/ProjektZaliczeniowy_TrescZadan/ProjektZaliczeniowy/moj_projekt.vhd sub00/vhpl15 1634117678
EN ster_kropka NULL C:/dev/ULiC_Scripts/ProjektZaliczeniowy_TrescZadan/ProjektZaliczeniowy/ster_kropka.vhd sub00/vhpl11 1634117685
EN aktywna_anoda NULL C:/dev/ULiC_Scripts/ProjektZaliczeniowy_TrescZadan/ProjektZaliczeniowy/aktywna_anoda.vhd sub00/vhpl03 1634117675
AR transkoder_7s behavioral C:/dev/ULiC_Scripts/ProjektZaliczeniowy_TrescZadan/ProjektZaliczeniowy/transkoder_7s.vhd sub00/vhpl13 1634117688
